  filefunc.cpp
F:\计算机\程序项目\c++\operatorsystem_design\operatorsystem_design\filemanager.h(20,9): warning C4005: “ERROR”: 宏重定义
  (编译源文件“filefunc.cpp”)
      C:\Program Files (x86)\Windows Kits\10\Include\10.0.22621.0\um\wingdi.h(118,9):
      参见“ERROR”的前一个定义
  
F:\计算机\程序项目\c++\operatorsystem_design\operatorsystem_design\filefunc.cpp(24,13): warning C4101: “guide”: 未引用的局部变量
F:\计算机\程序项目\c++\operatorsystem_design\operatorsystem_design\filefunc.cpp(164,18): warning C4101: “father”: 未引用的局部变量
F:\计算机\程序项目\c++\operatorsystem_design\operatorsystem_design\filefunc.cpp(879,21): warning C4267: “=”: 从“size_t”转换到“int”，可能丢失数据
F:\计算机\程序项目\c++\operatorsystem_design\operatorsystem_design\filefunc.cpp(964,28): warning C4018: “>”: 有符号/无符号不匹配
F:\计算机\程序项目\c++\operatorsystem_design\operatorsystem_design\filefunc.cpp(901,10): warning C4101: “text2”: 未引用的局部变量
F:\计算机\程序项目\c++\operatorsystem_design\operatorsystem_design\filefunc.cpp(898,35): warning C4101: “father”: 未引用的局部变量
F:\计算机\程序项目\c++\operatorsystem_design\operatorsystem_design\filefunc.cpp(900,10): warning C4101: “fcbptr”: 未引用的局部变量
F:\计算机\程序项目\c++\operatorsystem_design\operatorsystem_design\filefunc.cpp(1010,36): warning C4018: “>”: 有符号/无符号不匹配
F:\计算机\程序项目\c++\operatorsystem_design\operatorsystem_design\filefunc.cpp(1099,17): warning C4267: “=”: 从“size_t”转换到“int”，可能丢失数据
F:\计算机\程序项目\c++\operatorsystem_design\operatorsystem_design\filefunc.cpp(1201,9): warning C4101: “i”: 未引用的局部变量
F:\计算机\程序项目\c++\operatorsystem_design\operatorsystem_design\filefunc.cpp(1345,18): warning C4267: “=”: 从“size_t”转换到“int”，可能丢失数据
F:\计算机\程序项目\c++\operatorsystem_design\operatorsystem_design\filefunc.cpp(1432,30): warning C4267: “参数”: 从“size_t”转换到“int”，可能丢失数据
  main.cpp
F:\计算机\程序项目\c++\operatorsystem_design\operatorsystem_design\filemanager.h(20,9): warning C4005: “ERROR”: 宏重定义
  (编译源文件“main.cpp”)
      C:\Program Files (x86)\Windows Kits\10\Include\10.0.22621.0\um\wingdi.h(118,9):
      参见“ERROR”的前一个定义
  
  processfunc.cpp
F:\计算机\程序项目\c++\operatorsystem_design\operatorsystem_design\processfunc.cpp(16,18): warning C4838: 从“int”转换到“SHORT”需要收缩转换
F:\计算机\程序项目\c++\operatorsystem_design\operatorsystem_design\processfunc.cpp(16,21): warning C4838: 从“int”转换到“SHORT”需要收缩转换
F:\计算机\程序项目\c++\operatorsystem_design\operatorsystem_design\processfunc.cpp(1014,9): warning C4101: “j”: 未引用的局部变量
  正在生成代码...
F:\计算机\程序项目\c++\operatorsystem_design\operatorsystem_design\filefunc.cpp(602,1): warning C4715: “my_create”: 不是所有的控件路径都返回值
  operatorsystem_design.vcxproj -> F:\计算机\程序项目\c++\operatorsystem_design\x64\Debug\operatorsystem_design.exe
